<?xml version="1.0" encoding="UTF-8"?>
<testsuites name="jest tests" tests="1" failures="0" errors="0" time="0.829">
  <testsuite name="&lt;App /&gt;" errors="0" failures="0" skipped="0" timestamp="2021-03-01T06:20:23" time="0.502" tests="1">
    <testcase classname="&lt;App /&gt; It should mount" name="&lt;App /&gt; It should mount" time="0.004">
    </testcase>
  </testsuite>
</testsuites>